
> evolv-landing@0.1.0 build
> next build

Γû▓ Next.js 16.2.9 (Turbopack)

  Creating an optimized production build ...
npm : 
At line:1 char:1
+ npm run build > build_output.txt 2>&1
+ ~~~~~~~~~~~~~~~~~~~~~~~~~~~~~~~~~~~~~
    + CategoryInfo          : NotSpecified: (:String) [], RemoteException
    + FullyQualifiedErrorId : NativeCommandError
 
> Build error occurred
Error: Turbopack build failed with 1 errors:
./src/components/developer/components/Sidebar/Sidebar.module.css
Transforming CSS failed
Selector "nav" is not pure. Pure selectors must contain at least one local class or id.

Import traces:
  Client Component Browser:
    ./src/components/developer/components/Sidebar/Sidebar.module.css [Client Component Browser]
    ./src/components/developer/components/Sidebar/Sidebar.tsx [Client Component Browser]
    ./src/components/developer/pages/Inbox/Inbox.tsx [Client Component Browser]
    ./src/views/DeveloperDashboard.tsx [Client Component Browser]
    ./src/views/DeveloperDashboard.tsx [Server Component]
    ./src/app/developer-dashboard/page.tsx [Server Component]

  Client Component SSR:
    ./src/components/developer/components/Sidebar/Sidebar.module.css [Client Component SSR]
    ./src/components/developer/components/Sidebar/Sidebar.tsx [Client Component SSR]
    ./src/components/developer/pages/Inbox/Inbox.tsx [Client Component SSR]
    ./src/views/DeveloperDashboard.tsx [Client Component SSR]
    ./src/views/DeveloperDashboard.tsx [Server Component]
    ./src/app/developer-dashboard/page.tsx [Server Component]


    at ignore-listed frames
